../Core/Src/tim.c:34:6:MX_TIM1_Init	56	static
../Core/Src/tim.c:79:6:MX_TIM2_Init	48	static
../Core/Src/tim.c:123:6:MX_TIM3_Init	48	static
../Core/Src/tim.c:167:6:MX_TIM4_Init	48	static
../Core/Src/tim.c:211:6:MX_TIM10_Init	8	static
../Core/Src/tim.c:237:6:HAL_TIM_Encoder_MspInit	48	static
../Core/Src/tim.c:272:6:HAL_TIM_PWM_MspInit	32	static
../Core/Src/tim.c:310:6:HAL_TIM_Base_MspInit	24	static
../Core/Src/tim.c:329:6:HAL_TIM_MspPostInit	48	static
../Core/Src/tim.c:398:6:HAL_TIM_Encoder_MspDeInit	16	static
../Core/Src/tim.c:431:6:HAL_TIM_PWM_MspDeInit	16	static
../Core/Src/tim.c:469:6:HAL_TIM_Base_MspDeInit	16	static
